
> ailibraryprompts@1.0.0 build
> next build

Γû▓ Next.js 16.1.1 (Turbopack)
- Environments: .env.local

  Creating an optimized production build ...
Γ£ô Compiled successfully in 4.0s
  Running TypeScript ...
  Collecting page data using 11 workers ...
ΓÜá Using edge runtime on a page currently disables static generation for that page
  Generating static pages using 11 workers (0/47) ...
  Generating static pages using 11 workers (11/47) 
Error occurred prerendering page "/models". Read more: https://nextjs.org/docs/messages/prerender-error
Error: @clerk/nextjs: SignedOut can only be used within the <ClerkProvider /> component. Learn more: https://clerk.com/docs/components/clerk-provider
    at ignore-listed frames {
  digest: '158272670'
}
Export encountered an error on /models/page: /models, exiting the build.
Γ¿» Next.js build worker exited with code: 1 and signal: null
